// Jest Snapshot v1, https://goo.gl/fbAQLP

exports[`<Login /> should render and match the snapshot 1`] = `
<React.Fragment>
  <Helmet
    defer={true}
    encodeSpecialCharacters={true}
  >
    <title />
    <meta
      content=""
      name="description"
    />
  </Helmet>
  <NavBar />
  <Login__Wrapper />
</React.Fragment>
`;
