// Jest Snapshot v1, https://goo.gl/fbAQLP

exports[`<NavBar /> should match snapshot 1`] = `
<NavBar__Wrapper>
  <PageWrapper>
    <Logo />
    <LanguageSwitch />
    <ThemeSwitch />
  </PageWrapper>
</NavBar__Wrapper>
`;
